[    1278ms] [WARNING] [GPT] PubAdsService.clearTargeting is deprecated, use googletag.setConfig({targeting: ...}) instead.
https://goo.gle/gpt-message#170 @ https://securepubads.g.doubleclick.net/pagead/managed/js/gpt/m202607230101/pubads_impl.js?cb=31099963:18
[    1434ms] [WARNING] [GPT] Slot.getTargeting is deprecated, use Slot.getConfig('targeting') instead.
https://goo.gle/gpt-message#201 @ https://securepubads.g.doubleclick.net/pagead/managed/js/gpt/m202607230101/pubads_impl.js?cb=31099963:18
[    1580ms] [ERROR] Failed to load resource: net::ERR_CONNECTION_REFUSED @ https://ssc.33across.com/api/v1/hb?guid=btGMK4vGGr8BLMrkHcnlKl:0
[    1581ms] [ERROR] Failed to load resource: net::ERR_CONNECTION_REFUSED @ https://ssc.33across.com/api/v1/hb?guid=btGMK4vGGr8BLMrkHcnlKl:0
[    1581ms] [ERROR] Failed to load resource: net::ERR_CONNECTION_REFUSED @ https://ssc.33across.com/api/v1/hb?guid=btGMK4vGGr8BLMrkHcnlKl:0
[    1581ms] [ERROR] Failed to load resource: net::ERR_CONNECTION_REFUSED @ https://ssc.33across.com/api/v1/hb?guid=btGMK4vGGr8BLMrkHcnlKl:0
[    1581ms] [ERROR] Failed to load resource: net::ERR_CONNECTION_REFUSED @ https://ssc.33across.com/api/v1/hb?guid=btGMK4vGGr8BLMrkHcnlKl:0
[    1581ms] [ERROR] Failed to load resource: net::ERR_CONNECTION_REFUSED @ https://ssc.33across.com/api/v1/hb?guid=btGMK4vGGr8BLMrkHcnlKl:0
[    1582ms] [ERROR] Failed to load resource: net::ERR_CONNECTION_REFUSED @ https://ssc.33across.com/api/v1/hb?guid=btGMK4vGGr8BLMrkHcnlKl:0
[    1638ms] [ERROR] Failed to load resource: net::ERR_CONNECTION_REFUSED @ https://rt.marphezis.com/hb:0
[    1641ms] [ERROR] Failed to load resource: net::ERR_CONNECTION_REFUSED @ https://rt.marphezis.com/prebid/error:0
[    2271ms] [ERROR] Access to fetch at 'https://hb-api.omnitagjs.com/hb-api/prebid/v1?RefererUrl=https%3A%2F%2Fwww.rtings.com%2Fmonitor%2Freviews%2Fdell%2Fu2718q&PageUrl=https%3A%2F%2Fwww.rtings.com%2Fmonitor%2Freviews%2Fdell%2Fu2718q&PageReferrer=https%3A%2F%2Fwww.rtings.com%2Fmonitor%2Freviews%2Fdell%2Fu2718q&CanonicalUrl=https%3A%2F%2Fwww.rtings.com%2Fmonitor%2Freviews%2Fdell%2Fu2718q' from origin 'https://www.rtings.com' has been blocked by CORS policy: No 'Access-Control-Allow-Origin' header is present on the requested resource. @ https://www.rtings.com/monitor/reviews/dell/u2718q:0
[    2271ms] [ERROR] Failed to load resource: net::ERR_FAILED @ https://hb-api.omnitagjs.com/hb-api/prebid/v1?RefererUrl=https%3A%2F%2Fwww.rtings.com%2Fmonitor%2Freviews%2Fdell%2Fu2718q&PageUrl=https%3A%2F%2Fwww.rtings.com%2Fmonitor%2Freviews%2Fdell%2Fu2718q&PageReferrer=https%3A%2F%2Fwww.rtings.com%2Fmonitor%2Freviews%2Fdell%2Fu2718q&CanonicalUrl=https%3A%2F%2Fwww.rtings.com%2Fmonitor%2Freviews%2Fdell%2Fu2718q:0
[    5169ms] [ERROR] Failed to load resource: net::ERR_SOCKET_NOT_CONNECTED @ https://csync.loopme.me/?pubid=11405&redirect=https%3A%2F%2Fs.amazon-adsystem.com%2Fecm3%3Fex%3Dloopme.com%26id%3D%7Bviewer_token%7D&gdpr=0:0
[    5646ms] [ERROR] Attestation check for Shared Storage on https://www.googleadservices.com failed. @ https://www.googleadservices.com/pagead/managed/js/activeview/current/reach_worklet.html:0
[    5672ms] [ERROR] Attestation check for Shared Storage on https://www.googleadservices.com failed. @ https://www.googleadservices.com/pagead/managed/js/activeview/current/reach_worklet.html:0
[    5695ms] [ERROR] Attestation check for Shared Storage on https://www.googleadservices.com failed. @ https://www.googleadservices.com/pagead/managed/js/activeview/current/reach_worklet.html:0
[    5698ms] [ERROR] Attestation check for Shared Storage on https://www.googleadservices.com failed. @ https://www.googleadservices.com/pagead/managed/js/activeview/current/reach_worklet.html:0
[    5700ms] [ERROR] Attestation check for Shared Storage on https://www.googleadservices.com failed. @ https://www.googleadservices.com/pagead/managed/js/activeview/current/reach_worklet.html:0
[    5701ms] [ERROR] Attestation check for Shared Storage on https://www.googleadservices.com failed. @ https://www.googleadservices.com/pagead/managed/js/activeview/current/reach_worklet.html:0
[    5725ms] [ERROR] Attestation check for Shared Storage on https://www.googleadservices.com failed. @ https://www.googleadservices.com/pagead/managed/js/activeview/current/reach_worklet.html:0
[    6442ms] [ERROR] Failed to load resource: the server responded with a status of 417 (Expectation Failed) @ https://t.adx.opera.com/pub/sync?pubid=pub11511909236288:0
[    6963ms] [ERROR] Failed to load resource: the server responded with a status of 403 () @ https://c1.adform.net/serving/cookie/match?party=1276:0
[    7524ms] [ERROR] Failed to load resource: the server responded with a status of 404 (Not Found) @ https://us.shb-sync.com/bf2debb3-8b3f-11ed-9a3c-0cc47a787f5e.gif?redir=https%3A%2F%2Fs.ad.smaato.net%2Fc%2F%3FdspId%3D1170%26dspCookie%3D%24UID%26gdpr%3D0%26gdpr_consent%3D&gdpr=0&gdpr_consent=:0
[   31351ms] [ERROR] Failed to load resource: net::ERR_CONNECTION_REFUSED @ https://ssc.33across.com/api/v1/hb?guid=btGMK4vGGr8BLMrkHcnlKl:0
[   31351ms] [ERROR] Failed to load resource: net::ERR_CONNECTION_REFUSED @ https://rt.marphezis.com/hb:0
[   31353ms] [ERROR] Failed to load resource: net::ERR_CONNECTION_REFUSED @ https://rt.marphezis.com/hb:0
[   31353ms] [ERROR] Failed to load resource: net::ERR_CONNECTION_REFUSED @ https://ssc.33across.com/api/v1/hb?guid=btGMK4vGGr8BLMrkHcnlKl:0
[   31354ms] [ERROR] Failed to load resource: net::ERR_CONNECTION_REFUSED @ https://rt.marphezis.com/prebid/error:0
[   31355ms] [ERROR] Failed to load resource: net::ERR_CONNECTION_REFUSED @ https://rt.marphezis.com/prebid/error:0
[   32085ms] [ERROR] Access to fetch at 'https://hb-api.omnitagjs.com/hb-api/prebid/v1?RefererUrl=https%3A%2F%2Fwww.rtings.com%2Fmonitor%2Freviews%2Fdell%2Fu2718q&PageUrl=https%3A%2F%2Fwww.rtings.com%2Fmonitor%2Freviews%2Fdell%2Fu2718q&PageReferrer=https%3A%2F%2Fwww.rtings.com%2Fmonitor%2Freviews%2Fdell%2Fu2718q&CanonicalUrl=https%3A%2F%2Fwww.rtings.com%2Fmonitor%2Freviews%2Fdell%2Fu2718q' from origin 'https://www.rtings.com' has been blocked by CORS policy: No 'Access-Control-Allow-Origin' header is present on the requested resource. @ https://www.rtings.com/monitor/reviews/dell/u2718q:0
[   32085ms] [ERROR] Failed to load resource: net::ERR_FAILED @ https://hb-api.omnitagjs.com/hb-api/prebid/v1?RefererUrl=https%3A%2F%2Fwww.rtings.com%2Fmonitor%2Freviews%2Fdell%2Fu2718q&PageUrl=https%3A%2F%2Fwww.rtings.com%2Fmonitor%2Freviews%2Fdell%2Fu2718q&PageReferrer=https%3A%2F%2Fwww.rtings.com%2Fmonitor%2Freviews%2Fdell%2Fu2718q&CanonicalUrl=https%3A%2F%2Fwww.rtings.com%2Fmonitor%2Freviews%2Fdell%2Fu2718q:0
[   32700ms] [ERROR] Access to fetch at 'https://hb-api.omnitagjs.com/hb-api/prebid/v1?RefererUrl=https%3A%2F%2Fwww.rtings.com%2Fmonitor%2Freviews%2Fdell%2Fu2718q&PageUrl=https%3A%2F%2Fwww.rtings.com%2Fmonitor%2Freviews%2Fdell%2Fu2718q&PageReferrer=https%3A%2F%2Fwww.rtings.com%2Fmonitor%2Freviews%2Fdell%2Fu2718q&CanonicalUrl=https%3A%2F%2Fwww.rtings.com%2Fmonitor%2Freviews%2Fdell%2Fu2718q' from origin 'https://www.rtings.com' has been blocked by CORS policy: No 'Access-Control-Allow-Origin' header is present on the requested resource. @ https://www.rtings.com/monitor/reviews/dell/u2718q:0
[   32700ms] [ERROR] Failed to load resource: net::ERR_FAILED @ https://hb-api.omnitagjs.com/hb-api/prebid/v1?RefererUrl=https%3A%2F%2Fwww.rtings.com%2Fmonitor%2Freviews%2Fdell%2Fu2718q&PageUrl=https%3A%2F%2Fwww.rtings.com%2Fmonitor%2Freviews%2Fdell%2Fu2718q&PageReferrer=https%3A%2F%2Fwww.rtings.com%2Fmonitor%2Freviews%2Fdell%2Fu2718q&CanonicalUrl=https%3A%2F%2Fwww.rtings.com%2Fmonitor%2Freviews%2Fdell%2Fu2718q:0
[    5646ms] [ERROR] Attestation check for Shared Storage on https://www.googleadservices.com failed. @ https://www.googleadservices.com/pagead/managed/js/activeview/current/reach_worklet.html:0
[    5672ms] [ERROR] Attestation check for Shared Storage on https://www.googleadservices.com failed. @ https://www.googleadservices.com/pagead/managed/js/activeview/current/reach_worklet.html:0
[    5695ms] [ERROR] Attestation check for Shared Storage on https://www.googleadservices.com failed. @ https://www.googleadservices.com/pagead/managed/js/activeview/current/reach_worklet.html:0
[    5698ms] [ERROR] Attestation check for Shared Storage on https://www.googleadservices.com failed. @ https://www.googleadservices.com/pagead/managed/js/activeview/current/reach_worklet.html:0
[    5700ms] [ERROR] Attestation check for Shared Storage on https://www.googleadservices.com failed. @ https://www.googleadservices.com/pagead/managed/js/activeview/current/reach_worklet.html:0
[    5701ms] [ERROR] Attestation check for Shared Storage on https://www.googleadservices.com failed. @ https://www.googleadservices.com/pagead/managed/js/activeview/current/reach_worklet.html:0
[    5725ms] [ERROR] Attestation check for Shared Storage on https://www.googleadservices.com failed. @ https://www.googleadservices.com/pagead/managed/js/activeview/current/reach_worklet.html:0
[   33232ms] [ERROR] Attestation check for Shared Storage on https://www.googleadservices.com failed. @ https://www.googleadservices.com/pagead/managed/js/activeview/current/reach_worklet.html:0
[    5646ms] [ERROR] Attestation check for Shared Storage on https://www.googleadservices.com failed. @ https://www.googleadservices.com/pagead/managed/js/activeview/current/reach_worklet.html:0
[    5672ms] [ERROR] Attestation check for Shared Storage on https://www.googleadservices.com failed. @ https://www.googleadservices.com/pagead/managed/js/activeview/current/reach_worklet.html:0
[    5695ms] [ERROR] Attestation check for Shared Storage on https://www.googleadservices.com failed. @ https://www.googleadservices.com/pagead/managed/js/activeview/current/reach_worklet.html:0
[    5698ms] [ERROR] Attestation check for Shared Storage on https://www.googleadservices.com failed. @ https://www.googleadservices.com/pagead/managed/js/activeview/current/reach_worklet.html:0
[    5700ms] [ERROR] Attestation check for Shared Storage on https://www.googleadservices.com failed. @ https://www.googleadservices.com/pagead/managed/js/activeview/current/reach_worklet.html:0
[    5701ms] [ERROR] Attestation check for Shared Storage on https://www.googleadservices.com failed. @ https://www.googleadservices.com/pagead/managed/js/activeview/current/reach_worklet.html:0
[    5725ms] [ERROR] Attestation check for Shared Storage on https://www.googleadservices.com failed. @ https://www.googleadservices.com/pagead/managed/js/activeview/current/reach_worklet.html:0
[   33232ms] [ERROR] Attestation check for Shared Storage on https://www.googleadservices.com failed. @ https://www.googleadservices.com/pagead/managed/js/activeview/current/reach_worklet.html:0
[   35774ms] [ERROR] Attestation check for Shared Storage on https://www.googleadservices.com failed. @ https://www.googleadservices.com/pagead/managed/js/activeview/current/reach_worklet.html:0
[   58302ms] [ERROR] Failed to load resource: net::ERR_CONNECTION_REFUSED @ https://rt.marphezis.com/hb:0
[   58324ms] [ERROR] Failed to load resource: net::ERR_CONNECTION_REFUSED @ https://ssc.33across.com/api/v1/hb?guid=btGMK4vGGr8BLMrkHcnlKl:0
[   58325ms] [ERROR] Failed to load resource: net::ERR_CONNECTION_REFUSED @ https://rt.marphezis.com/prebid/error:0
[   58325ms] [ERROR] Failed to load resource: net::ERR_CONNECTION_REFUSED @ https://rt.marphezis.com/hb:0
[   58325ms] [ERROR] Failed to load resource: net::ERR_CONNECTION_REFUSED @ https://ssc.33across.com/api/v1/hb?guid=btGMK4vGGr8BLMrkHcnlKl:0
[   58326ms] [ERROR] Failed to load resource: net::ERR_CONNECTION_REFUSED @ https://rt.marphezis.com/prebid/error:0
[   59345ms] [ERROR] Access to fetch at 'https://hb-api.omnitagjs.com/hb-api/prebid/v1?RefererUrl=https%3A%2F%2Fwww.rtings.com%2Fmonitor%2Freviews%2Fdell%2Fu2718q&PageUrl=https%3A%2F%2Fwww.rtings.com%2Fmonitor%2Freviews%2Fdell%2Fu2718q&PageReferrer=https%3A%2F%2Fwww.rtings.com%2Fmonitor%2Freviews%2Fdell%2Fu2718q&CanonicalUrl=https%3A%2F%2Fwww.rtings.com%2Fmonitor%2Freviews%2Fdell%2Fu2718q' from origin 'https://www.rtings.com' has been blocked by CORS policy: No 'Access-Control-Allow-Origin' header is present on the requested resource. @ https://www.rtings.com/monitor/reviews/dell/u2718q:0
[   59346ms] [ERROR] Failed to load resource: net::ERR_FAILED @ https://hb-api.omnitagjs.com/hb-api/prebid/v1?RefererUrl=https%3A%2F%2Fwww.rtings.com%2Fmonitor%2Freviews%2Fdell%2Fu2718q&PageUrl=https%3A%2F%2Fwww.rtings.com%2Fmonitor%2Freviews%2Fdell%2Fu2718q&PageReferrer=https%3A%2F%2Fwww.rtings.com%2Fmonitor%2Freviews%2Fdell%2Fu2718q&CanonicalUrl=https%3A%2F%2Fwww.rtings.com%2Fmonitor%2Freviews%2Fdell%2Fu2718q:0
[    5646ms] [ERROR] Attestation check for Shared Storage on https://www.googleadservices.com failed. @ https://www.googleadservices.com/pagead/managed/js/activeview/current/reach_worklet.html:0
[    5672ms] [ERROR] Attestation check for Shared Storage on https://www.googleadservices.com failed. @ https://www.googleadservices.com/pagead/managed/js/activeview/current/reach_worklet.html:0
[    5695ms] [ERROR] Attestation check for Shared Storage on https://www.googleadservices.com failed. @ https://www.googleadservices.com/pagead/managed/js/activeview/current/reach_worklet.html:0
[    5698ms] [ERROR] Attestation check for Shared Storage on https://www.googleadservices.com failed. @ https://www.googleadservices.com/pagead/managed/js/activeview/current/reach_worklet.html:0
[    5700ms] [ERROR] Attestation check for Shared Storage on https://www.googleadservices.com failed. @ https://www.googleadservices.com/pagead/managed/js/activeview/current/reach_worklet.html:0
[    5701ms] [ERROR] Attestation check for Shared Storage on https://www.googleadservices.com failed. @ https://www.googleadservices.com/pagead/managed/js/activeview/current/reach_worklet.html:0
[    5725ms] [ERROR] Attestation check for Shared Storage on https://www.googleadservices.com failed. @ https://www.googleadservices.com/pagead/managed/js/activeview/current/reach_worklet.html:0
[   33232ms] [ERROR] Attestation check for Shared Storage on https://www.googleadservices.com failed. @ https://www.googleadservices.com/pagead/managed/js/activeview/current/reach_worklet.html:0
[   35774ms] [ERROR] Attestation check for Shared Storage on https://www.googleadservices.com failed. @ https://www.googleadservices.com/pagead/managed/js/activeview/current/reach_worklet.html:0
[   59924ms] [ERROR] Attestation check for Shared Storage on https://www.googleadservices.com failed. @ https://www.googleadservices.com/pagead/managed/js/activeview/current/reach_worklet.html:0
[   59982ms] [ERROR] Access to fetch at 'https://hb-api.omnitagjs.com/hb-api/prebid/v1?RefererUrl=https%3A%2F%2Fwww.rtings.com%2Fmonitor%2Freviews%2Fdell%2Fu2718q&PageUrl=https%3A%2F%2Fwww.rtings.com%2Fmonitor%2Freviews%2Fdell%2Fu2718q&PageReferrer=https%3A%2F%2Fwww.rtings.com%2Fmonitor%2Freviews%2Fdell%2Fu2718q&CanonicalUrl=https%3A%2F%2Fwww.rtings.com%2Fmonitor%2Freviews%2Fdell%2Fu2718q' from origin 'https://www.rtings.com' has been blocked by CORS policy: No 'Access-Control-Allow-Origin' header is present on the requested resource. @ https://www.rtings.com/monitor/reviews/dell/u2718q:0
[   59982ms] [ERROR] Failed to load resource: net::ERR_FAILED @ https://hb-api.omnitagjs.com/hb-api/prebid/v1?RefererUrl=https%3A%2F%2Fwww.rtings.com%2Fmonitor%2Freviews%2Fdell%2Fu2718q&PageUrl=https%3A%2F%2Fwww.rtings.com%2Fmonitor%2Freviews%2Fdell%2Fu2718q&PageReferrer=https%3A%2F%2Fwww.rtings.com%2Fmonitor%2Freviews%2Fdell%2Fu2718q&CanonicalUrl=https%3A%2F%2Fwww.rtings.com%2Fmonitor%2Freviews%2Fdell%2Fu2718q:0
[    5646ms] [ERROR] Attestation check for Shared Storage on https://www.googleadservices.com failed. @ https://www.googleadservices.com/pagead/managed/js/activeview/current/reach_worklet.html:0
[    5672ms] [ERROR] Attestation check for Shared Storage on https://www.googleadservices.com failed. @ https://www.googleadservices.com/pagead/managed/js/activeview/current/reach_worklet.html:0
[    5695ms] [ERROR] Attestation check for Shared Storage on https://www.googleadservices.com failed. @ https://www.googleadservices.com/pagead/managed/js/activeview/current/reach_worklet.html:0
[    5698ms] [ERROR] Attestation check for Shared Storage on https://www.googleadservices.com failed. @ https://www.googleadservices.com/pagead/managed/js/activeview/current/reach_worklet.html:0
[    5700ms] [ERROR] Attestation check for Shared Storage on https://www.googleadservices.com failed. @ https://www.googleadservices.com/pagead/managed/js/activeview/current/reach_worklet.html:0
[    5701ms] [ERROR] Attestation check for Shared Storage on https://www.googleadservices.com failed. @ https://www.googleadservices.com/pagead/managed/js/activeview/current/reach_worklet.html:0
[    5725ms] [ERROR] Attestation check for Shared Storage on https://www.googleadservices.com failed. @ https://www.googleadservices.com/pagead/managed/js/activeview/current/reach_worklet.html:0
[   33232ms] [ERROR] Attestation check for Shared Storage on https://www.googleadservices.com failed. @ https://www.googleadservices.com/pagead/managed/js/activeview/current/reach_worklet.html:0
[   35774ms] [ERROR] Attestation check for Shared Storage on https://www.googleadservices.com failed. @ https://www.googleadservices.com/pagead/managed/js/activeview/current/reach_worklet.html:0
[   59924ms] [ERROR] Attestation check for Shared Storage on https://www.googleadservices.com failed. @ https://www.googleadservices.com/pagead/managed/js/activeview/current/reach_worklet.html:0
[   60434ms] [ERROR] Attestation check for Shared Storage on https://www.googleadservices.com failed. @ https://www.googleadservices.com/pagead/managed/js/activeview/current/reach_worklet.html:0
[   85524ms] [ERROR] Failed to load resource: net::ERR_CONNECTION_REFUSED @ https://ssc.33across.com/api/v1/hb?guid=btGMK4vGGr8BLMrkHcnlKl:0
[   85524ms] [ERROR] Failed to load resource: net::ERR_CONNECTION_REFUSED @ https://ssc.33across.com/api/v1/hb?guid=btGMK4vGGr8BLMrkHcnlKl:0
[   85557ms] [ERROR] Failed to load resource: net::ERR_CONNECTION_REFUSED @ https://rt.marphezis.com/hb:0
[   85558ms] [ERROR] Failed to load resource: net::ERR_CONNECTION_REFUSED @ https://rt.marphezis.com/hb:0
[   85559ms] [ERROR] Failed to load resource: net::ERR_CONNECTION_REFUSED @ https://rt.marphezis.com/prebid/error:0
[   85559ms] [ERROR] Failed to load resource: net::ERR_CONNECTION_REFUSED @ https://rt.marphezis.com/prebid/error:0
[   85566ms] [ERROR] Access to fetch at 'https://hb-api.omnitagjs.com/hb-api/prebid/v1?RefererUrl=https%3A%2F%2Fwww.rtings.com%2Fmonitor%2Freviews%2Fdell%2Fu2718q&PageUrl=https%3A%2F%2Fwww.rtings.com%2Fmonitor%2Freviews%2Fdell%2Fu2718q&PageReferrer=https%3A%2F%2Fwww.rtings.com%2Fmonitor%2Freviews%2Fdell%2Fu2718q&CanonicalUrl=https%3A%2F%2Fwww.rtings.com%2Fmonitor%2Freviews%2Fdell%2Fu2718q' from origin 'https://www.rtings.com' has been blocked by CORS policy: No 'Access-Control-Allow-Origin' header is present on the requested resource. @ https://www.rtings.com/monitor/reviews/dell/u2718q:0
[   85566ms] [ERROR] Failed to load resource: net::ERR_FAILED @ https://hb-api.omnitagjs.com/hb-api/prebid/v1?RefererUrl=https%3A%2F%2Fwww.rtings.com%2Fmonitor%2Freviews%2Fdell%2Fu2718q&PageUrl=https%3A%2F%2Fwww.rtings.com%2Fmonitor%2Freviews%2Fdell%2Fu2718q&PageReferrer=https%3A%2F%2Fwww.rtings.com%2Fmonitor%2Freviews%2Fdell%2Fu2718q&CanonicalUrl=https%3A%2F%2Fwww.rtings.com%2Fmonitor%2Freviews%2Fdell%2Fu2718q:0
[   86721ms] [ERROR] Access to fetch at 'https://hb-api.omnitagjs.com/hb-api/prebid/v1?RefererUrl=https%3A%2F%2Fwww.rtings.com%2Fmonitor%2Freviews%2Fdell%2Fu2718q&PageUrl=https%3A%2F%2Fwww.rtings.com%2Fmonitor%2Freviews%2Fdell%2Fu2718q&PageReferrer=https%3A%2F%2Fwww.rtings.com%2Fmonitor%2Freviews%2Fdell%2Fu2718q&CanonicalUrl=https%3A%2F%2Fwww.rtings.com%2Fmonitor%2Freviews%2Fdell%2Fu2718q' from origin 'https://www.rtings.com' has been blocked by CORS policy: No 'Access-Control-Allow-Origin' header is present on the requested resource. @ https://www.rtings.com/monitor/reviews/dell/u2718q:0
[   86721ms] [ERROR] Failed to load resource: net::ERR_FAILED @ https://hb-api.omnitagjs.com/hb-api/prebid/v1?RefererUrl=https%3A%2F%2Fwww.rtings.com%2Fmonitor%2Freviews%2Fdell%2Fu2718q&PageUrl=https%3A%2F%2Fwww.rtings.com%2Fmonitor%2Freviews%2Fdell%2Fu2718q&PageReferrer=https%3A%2F%2Fwww.rtings.com%2Fmonitor%2Freviews%2Fdell%2Fu2718q&CanonicalUrl=https%3A%2F%2Fwww.rtings.com%2Fmonitor%2Freviews%2Fdell%2Fu2718q:0
[    5646ms] [ERROR] Attestation check for Shared Storage on https://www.googleadservices.com failed. @ https://www.googleadservices.com/pagead/managed/js/activeview/current/reach_worklet.html:0
[    5672ms] [ERROR] Attestation check for Shared Storage on https://www.googleadservices.com failed. @ https://www.googleadservices.com/pagead/managed/js/activeview/current/reach_worklet.html:0
[    5695ms] [ERROR] Attestation check for Shared Storage on https://www.googleadservices.com failed. @ https://www.googleadservices.com/pagead/managed/js/activeview/current/reach_worklet.html:0
[    5698ms] [ERROR] Attestation check for Shared Storage on https://www.googleadservices.com failed. @ https://www.googleadservices.com/pagead/managed/js/activeview/current/reach_worklet.html:0
[    5700ms] [ERROR] Attestation check for Shared Storage on https://www.googleadservices.com failed. @ https://www.googleadservices.com/pagead/managed/js/activeview/current/reach_worklet.html:0
[    5701ms] [ERROR] Attestation check for Shared Storage on https://www.googleadservices.com failed. @ https://www.googleadservices.com/pagead/managed/js/activeview/current/reach_worklet.html:0
[    5725ms] [ERROR] Attestation check for Shared Storage on https://www.googleadservices.com failed. @ https://www.googleadservices.com/pagead/managed/js/activeview/current/reach_worklet.html:0
[   33232ms] [ERROR] Attestation check for Shared Storage on https://www.googleadservices.com failed. @ https://www.googleadservices.com/pagead/managed/js/activeview/current/reach_worklet.html:0
[   35774ms] [ERROR] Attestation check for Shared Storage on https://www.googleadservices.com failed. @ https://www.googleadservices.com/pagead/managed/js/activeview/current/reach_worklet.html:0
[   59924ms] [ERROR] Attestation check for Shared Storage on https://www.googleadservices.com failed. @ https://www.googleadservices.com/pagead/managed/js/activeview/current/reach_worklet.html:0
[   60434ms] [ERROR] Attestation check for Shared Storage on https://www.googleadservices.com failed. @ https://www.googleadservices.com/pagead/managed/js/activeview/current/reach_worklet.html:0
[    5646ms] [ERROR] Attestation check for Shared Storage on https://www.googleadservices.com failed. @ https://www.googleadservices.com/pagead/managed/js/activeview/current/reach_worklet.html:0
[    5672ms] [ERROR] Attestation check for Shared Storage on https://www.googleadservices.com failed. @ https://www.googleadservices.com/pagead/managed/js/activeview/current/reach_worklet.html:0
[    5695ms] [ERROR] Attestation check for Shared Storage on https://www.googleadservices.com failed. @ https://www.googleadservices.com/pagead/managed/js/activeview/current/reach_worklet.html:0
[    5698ms] [ERROR] Attestation check for Shared Storage on https://www.googleadservices.com failed. @ https://www.googleadservices.com/pagead/managed/js/activeview/current/reach_worklet.html:0
[    5700ms] [ERROR] Attestation check for Shared Storage on https://www.googleadservices.com failed. @ https://www.googleadservices.com/pagead/managed/js/activeview/current/reach_worklet.html:0
[    5701ms] [ERROR] Attestation check for Shared Storage on https://www.googleadservices.com failed. @ https://www.googleadservices.com/pagead/managed/js/activeview/current/reach_worklet.html:0
[    5725ms] [ERROR] Attestation check for Shared Storage on https://www.googleadservices.com failed. @ https://www.googleadservices.com/pagead/managed/js/activeview/current/reach_worklet.html:0
[   33232ms] [ERROR] Attestation check for Shared Storage on https://www.googleadservices.com failed. @ https://www.googleadservices.com/pagead/managed/js/activeview/current/reach_worklet.html:0
[   35774ms] [ERROR] Attestation check for Shared Storage on https://www.googleadservices.com failed. @ https://www.googleadservices.com/pagead/managed/js/activeview/current/reach_worklet.html:0
[   59924ms] [ERROR] Attestation check for Shared Storage on https://www.googleadservices.com failed. @ https://www.googleadservices.com/pagead/managed/js/activeview/current/reach_worklet.html:0
[   60434ms] [ERROR] Attestation check for Shared Storage on https://www.googleadservices.com failed. @ https://www.googleadservices.com/pagead/managed/js/activeview/current/reach_worklet.html:0
[   87202ms] [ERROR] Attestation check for Shared Storage on https://www.googleadservices.com failed. @ https://www.googleadservices.com/pagead/managed/js/activeview/current/reach_worklet.html:0
[   87229ms] [ERROR] Attestation check for Shared Storage on https://www.googleadservices.com failed. @ https://www.googleadservices.com/pagead/managed/js/activeview/current/reach_worklet.html:0
[  112328ms] [ERROR] Failed to load resource: net::ERR_CONNECTION_REFUSED @ https://rt.marphezis.com/hb:0
[  112329ms] [ERROR] Failed to load resource: net::ERR_CONNECTION_REFUSED @ https://ssc.33across.com/api/v1/hb?guid=btGMK4vGGr8BLMrkHcnlKl:0
[  112330ms] [ERROR] Failed to load resource: net::ERR_CONNECTION_REFUSED @ https://rt.marphezis.com/hb:0
[  112330ms] [ERROR] Failed to load resource: net::ERR_CONNECTION_REFUSED @ https://ssc.33across.com/api/v1/hb?guid=btGMK4vGGr8BLMrkHcnlKl:0
[  112334ms] [ERROR] Failed to load resource: net::ERR_CONNECTION_REFUSED @ https://rt.marphezis.com/prebid/error:0
[  112335ms] [ERROR] Failed to load resource: net::ERR_CONNECTION_REFUSED @ https://rt.marphezis.com/prebid/error:0
[  113104ms] [ERROR] Access to fetch at 'https://hb-api.omnitagjs.com/hb-api/prebid/v1?RefererUrl=https%3A%2F%2Fwww.rtings.com%2Fmonitor%2Freviews%2Fdell%2Fu2718q&PageUrl=https%3A%2F%2Fwww.rtings.com%2Fmonitor%2Freviews%2Fdell%2Fu2718q&PageReferrer=https%3A%2F%2Fwww.rtings.com%2Fmonitor%2Freviews%2Fdell%2Fu2718q&CanonicalUrl=https%3A%2F%2Fwww.rtings.com%2Fmonitor%2Freviews%2Fdell%2Fu2718q' from origin 'https://www.rtings.com' has been blocked by CORS policy: No 'Access-Control-Allow-Origin' header is present on the requested resource. @ https://www.rtings.com/monitor/reviews/dell/u2718q:0
[  113104ms] [ERROR] Failed to load resource: net::ERR_FAILED @ https://hb-api.omnitagjs.com/hb-api/prebid/v1?RefererUrl=https%3A%2F%2Fwww.rtings.com%2Fmonitor%2Freviews%2Fdell%2Fu2718q&PageUrl=https%3A%2F%2Fwww.rtings.com%2Fmonitor%2Freviews%2Fdell%2Fu2718q&PageReferrer=https%3A%2F%2Fwww.rtings.com%2Fmonitor%2Freviews%2Fdell%2Fu2718q&CanonicalUrl=https%3A%2F%2Fwww.rtings.com%2Fmonitor%2Freviews%2Fdell%2Fu2718q:0
[  113355ms] [ERROR] Access to fetch at 'https://hb-api.omnitagjs.com/hb-api/prebid/v1?RefererUrl=https%3A%2F%2Fwww.rtings.com%2Fmonitor%2Freviews%2Fdell%2Fu2718q&PageUrl=https%3A%2F%2Fwww.rtings.com%2Fmonitor%2Freviews%2Fdell%2Fu2718q&PageReferrer=https%3A%2F%2Fwww.rtings.com%2Fmonitor%2Freviews%2Fdell%2Fu2718q&CanonicalUrl=https%3A%2F%2Fwww.rtings.com%2Fmonitor%2Freviews%2Fdell%2Fu2718q' from origin 'https://www.rtings.com' has been blocked by CORS policy: No 'Access-Control-Allow-Origin' header is present on the requested resource. @ https://www.rtings.com/monitor/reviews/dell/u2718q:0
[  113355ms] [ERROR] Failed to load resource: net::ERR_FAILED @ https://hb-api.omnitagjs.com/hb-api/prebid/v1?RefererUrl=https%3A%2F%2Fwww.rtings.com%2Fmonitor%2Freviews%2Fdell%2Fu2718q&PageUrl=https%3A%2F%2Fwww.rtings.com%2Fmonitor%2Freviews%2Fdell%2Fu2718q&PageReferrer=https%3A%2F%2Fwww.rtings.com%2Fmonitor%2Freviews%2Fdell%2Fu2718q&CanonicalUrl=https%3A%2F%2Fwww.rtings.com%2Fmonitor%2Freviews%2Fdell%2Fu2718q:0
[    5646ms] [ERROR] Attestation check for Shared Storage on https://www.googleadservices.com failed. @ https://www.googleadservices.com/pagead/managed/js/activeview/current/reach_worklet.html:0
[    5672ms] [ERROR] Attestation check for Shared Storage on https://www.googleadservices.com failed. @ https://www.googleadservices.com/pagead/managed/js/activeview/current/reach_worklet.html:0
[    5695ms] [ERROR] Attestation check for Shared Storage on https://www.googleadservices.com failed. @ https://www.googleadservices.com/pagead/managed/js/activeview/current/reach_worklet.html:0
[    5698ms] [ERROR] Attestation check for Shared Storage on https://www.googleadservices.com failed. @ https://www.googleadservices.com/pagead/managed/js/activeview/current/reach_worklet.html:0
[    5700ms] [ERROR] Attestation check for Shared Storage on https://www.googleadservices.com failed. @ https://www.googleadservices.com/pagead/managed/js/activeview/current/reach_worklet.html:0
[    5701ms] [ERROR] Attestation check for Shared Storage on https://www.googleadservices.com failed. @ https://www.googleadservices.com/pagead/managed/js/activeview/current/reach_worklet.html:0
[    5725ms] [ERROR] Attestation check for Shared Storage on https://www.googleadservices.com failed. @ https://www.googleadservices.com/pagead/managed/js/activeview/current/reach_worklet.html:0
[   33232ms] [ERROR] Attestation check for Shared Storage on https://www.googleadservices.com failed. @ https://www.googleadservices.com/pagead/managed/js/activeview/current/reach_worklet.html:0
[   35774ms] [ERROR] Attestation check for Shared Storage on https://www.googleadservices.com failed. @ https://www.googleadservices.com/pagead/managed/js/activeview/current/reach_worklet.html:0
[   59924ms] [ERROR] Attestation check for Shared Storage on https://www.googleadservices.com failed. @ https://www.googleadservices.com/pagead/managed/js/activeview/current/reach_worklet.html:0
[   60434ms] [ERROR] Attestation check for Shared Storage on https://www.googleadservices.com failed. @ https://www.googleadservices.com/pagead/managed/js/activeview/current/reach_worklet.html:0
[   87202ms] [ERROR] Attestation check for Shared Storage on https://www.googleadservices.com failed. @ https://www.googleadservices.com/pagead/managed/js/activeview/current/reach_worklet.html:0
[   87229ms] [ERROR] Attestation check for Shared Storage on https://www.googleadservices.com failed. @ https://www.googleadservices.com/pagead/managed/js/activeview/current/reach_worklet.html:0
[  113795ms] [ERROR] Attestation check for Shared Storage on https://www.googleadservices.com failed. @ https://www.googleadservices.com/pagead/managed/js/activeview/current/reach_worklet.html:0
[    5646ms] [ERROR] Attestation check for Shared Storage on https://www.googleadservices.com failed. @ https://www.googleadservices.com/pagead/managed/js/activeview/current/reach_worklet.html:0
[    5672ms] [ERROR] Attestation check for Shared Storage on https://www.googleadservices.com failed. @ https://www.googleadservices.com/pagead/managed/js/activeview/current/reach_worklet.html:0
[    5695ms] [ERROR] Attestation check for Shared Storage on https://www.googleadservices.com failed. @ https://www.googleadservices.com/pagead/managed/js/activeview/current/reach_worklet.html:0
[    5698ms] [ERROR] Attestation check for Shared Storage on https://www.googleadservices.com failed. @ https://www.googleadservices.com/pagead/managed/js/activeview/current/reach_worklet.html:0
[    5700ms] [ERROR] Attestation check for Shared Storage on https://www.googleadservices.com failed. @ https://www.googleadservices.com/pagead/managed/js/activeview/current/reach_worklet.html:0
[    5701ms] [ERROR] Attestation check for Shared Storage on https://www.googleadservices.com failed. @ https://www.googleadservices.com/pagead/managed/js/activeview/current/reach_worklet.html:0
[    5725ms] [ERROR] Attestation check for Shared Storage on https://www.googleadservices.com failed. @ https://www.googleadservices.com/pagead/managed/js/activeview/current/reach_worklet.html:0
[   33232ms] [ERROR] Attestation check for Shared Storage on https://www.googleadservices.com failed. @ https://www.googleadservices.com/pagead/managed/js/activeview/current/reach_worklet.html:0
[   35774ms] [ERROR] Attestation check for Shared Storage on https://www.googleadservices.com failed. @ https://www.googleadservices.com/pagead/managed/js/activeview/current/reach_worklet.html:0
[   59924ms] [ERROR] Attestation check for Shared Storage on https://www.googleadservices.com failed. @ https://www.googleadservices.com/pagead/managed/js/activeview/current/reach_worklet.html:0
[   60434ms] [ERROR] Attestation check for Shared Storage on https://www.googleadservices.com failed. @ https://www.googleadservices.com/pagead/managed/js/activeview/current/reach_worklet.html:0
[   87202ms] [ERROR] Attestation check for Shared Storage on https://www.googleadservices.com failed. @ https://www.googleadservices.com/pagead/managed/js/activeview/current/reach_worklet.html:0
[   87229ms] [ERROR] Attestation check for Shared Storage on https://www.googleadservices.com failed. @ https://www.googleadservices.com/pagead/managed/js/activeview/current/reach_worklet.html:0
[  113795ms] [ERROR] Attestation check for Shared Storage on https://www.googleadservices.com failed. @ https://www.googleadservices.com/pagead/managed/js/activeview/current/reach_worklet.html:0
[  114062ms] [ERROR] Attestation check for Shared Storage on https://www.googleadservices.com failed. @ https://www.googleadservices.com/pagead/managed/js/activeview/current/reach_worklet.html:0
[  139338ms] [ERROR] Failed to load resource: net::ERR_CONNECTION_REFUSED @ https://rt.marphezis.com/hb:0
[  139339ms] [ERROR] Failed to load resource: net::ERR_CONNECTION_REFUSED @ https://ssc.33across.com/api/v1/hb?guid=btGMK4vGGr8BLMrkHcnlKl:0
[  139340ms] [ERROR] Failed to load resource: net::ERR_CONNECTION_REFUSED @ https://ssc.33across.com/api/v1/hb?guid=btGMK4vGGr8BLMrkHcnlKl:0
[  139340ms] [ERROR] Failed to load resource: net::ERR_CONNECTION_REFUSED @ https://rt.marphezis.com/hb:0
[  139340ms] [ERROR] Failed to load resource: net::ERR_CONNECTION_REFUSED @ https://rt.marphezis.com/prebid/error:0
[  139341ms] [ERROR] Failed to load resource: net::ERR_CONNECTION_REFUSED @ https://rt.marphezis.com/prebid/error:0
[  139551ms] [ERROR] Access to fetch at 'https://hb-api.omnitagjs.com/hb-api/prebid/v1?RefererUrl=https%3A%2F%2Fwww.rtings.com%2Fmonitor%2Freviews%2Fdell%2Fu2718q&PageUrl=https%3A%2F%2Fwww.rtings.com%2Fmonitor%2Freviews%2Fdell%2Fu2718q&PageReferrer=https%3A%2F%2Fwww.rtings.com%2Fmonitor%2Freviews%2Fdell%2Fu2718q&CanonicalUrl=https%3A%2F%2Fwww.rtings.com%2Fmonitor%2Freviews%2Fdell%2Fu2718q' from origin 'https://www.rtings.com' has been blocked by CORS policy: No 'Access-Control-Allow-Origin' header is present on the requested resource. @ https://www.rtings.com/monitor/reviews/dell/u2718q:0
[  139551ms] [ERROR] Failed to load resource: net::ERR_FAILED @ https://hb-api.omnitagjs.com/hb-api/prebid/v1?RefererUrl=https%3A%2F%2Fwww.rtings.com%2Fmonitor%2Freviews%2Fdell%2Fu2718q&PageUrl=https%3A%2F%2Fwww.rtings.com%2Fmonitor%2Freviews%2Fdell%2Fu2718q&PageReferrer=https%3A%2F%2Fwww.rtings.com%2Fmonitor%2Freviews%2Fdell%2Fu2718q&CanonicalUrl=https%3A%2F%2Fwww.rtings.com%2Fmonitor%2Freviews%2Fdell%2Fu2718q:0
[  140075ms] [ERROR] Access to fetch at 'https://hb-api.omnitagjs.com/hb-api/prebid/v1?RefererUrl=https%3A%2F%2Fwww.rtings.com%2Fmonitor%2Freviews%2Fdell%2Fu2718q&PageUrl=https%3A%2F%2Fwww.rtings.com%2Fmonitor%2Freviews%2Fdell%2Fu2718q&PageReferrer=https%3A%2F%2Fwww.rtings.com%2Fmonitor%2Freviews%2Fdell%2Fu2718q&CanonicalUrl=https%3A%2F%2Fwww.rtings.com%2Fmonitor%2Freviews%2Fdell%2Fu2718q' from origin 'https://www.rtings.com' has been blocked by CORS policy: No 'Access-Control-Allow-Origin' header is present on the requested resource. @ https://www.rtings.com/monitor/reviews/dell/u2718q:0
[  140075ms] [ERROR] Failed to load resource: net::ERR_FAILED @ https://hb-api.omnitagjs.com/hb-api/prebid/v1?RefererUrl=https%3A%2F%2Fwww.rtings.com%2Fmonitor%2Freviews%2Fdell%2Fu2718q&PageUrl=https%3A%2F%2Fwww.rtings.com%2Fmonitor%2Freviews%2Fdell%2Fu2718q&PageReferrer=https%3A%2F%2Fwww.rtings.com%2Fmonitor%2Freviews%2Fdell%2Fu2718q&CanonicalUrl=https%3A%2F%2Fwww.rtings.com%2Fmonitor%2Freviews%2Fdell%2Fu2718q:0
[    5646ms] [ERROR] Attestation check for Shared Storage on https://www.googleadservices.com failed. @ https://www.googleadservices.com/pagead/managed/js/activeview/current/reach_worklet.html:0
[    5672ms] [ERROR] Attestation check for Shared Storage on https://www.googleadservices.com failed. @ https://www.googleadservices.com/pagead/managed/js/activeview/current/reach_worklet.html:0
[    5695ms] [ERROR] Attestation check for Shared Storage on https://www.googleadservices.com failed. @ https://www.googleadservices.com/pagead/managed/js/activeview/current/reach_worklet.html:0
[    5698ms] [ERROR] Attestation check for Shared Storage on https://www.googleadservices.com failed. @ https://www.googleadservices.com/pagead/managed/js/activeview/current/reach_worklet.html:0
[    5700ms] [ERROR] Attestation check for Shared Storage on https://www.googleadservices.com failed. @ https://www.googleadservices.com/pagead/managed/js/activeview/current/reach_worklet.html:0
[    5701ms] [ERROR] Attestation check for Shared Storage on https://www.googleadservices.com failed. @ https://www.googleadservices.com/pagead/managed/js/activeview/current/reach_worklet.html:0
[    5725ms] [ERROR] Attestation check for Shared Storage on https://www.googleadservices.com failed. @ https://www.googleadservices.com/pagead/managed/js/activeview/current/reach_worklet.html:0
[   33232ms] [ERROR] Attestation check for Shared Storage on https://www.googleadservices.com failed. @ https://www.googleadservices.com/pagead/managed/js/activeview/current/reach_worklet.html:0
[   35774ms] [ERROR] Attestation check for Shared Storage on https://www.googleadservices.com failed. @ https://www.googleadservices.com/pagead/managed/js/activeview/current/reach_worklet.html:0
[   59924ms] [ERROR] Attestation check for Shared Storage on https://www.googleadservices.com failed. @ https://www.googleadservices.com/pagead/managed/js/activeview/current/reach_worklet.html:0
[   60434ms] [ERROR] Attestation check for Shared Storage on https://www.googleadservices.com failed. @ https://www.googleadservices.com/pagead/managed/js/activeview/current/reach_worklet.html:0
[   87202ms] [ERROR] Attestation check for Shared Storage on https://www.googleadservices.com failed. @ https://www.googleadservices.com/pagead/managed/js/activeview/current/reach_worklet.html:0
[   87229ms] [ERROR] Attestation check for Shared Storage on https://www.googleadservices.com failed. @ https://www.googleadservices.com/pagead/managed/js/activeview/current/reach_worklet.html:0
[  113795ms] [ERROR] Attestation check for Shared Storage on https://www.googleadservices.com failed. @ https://www.googleadservices.com/pagead/managed/js/activeview/current/reach_worklet.html:0
[  114062ms] [ERROR] Attestation check for Shared Storage on https://www.googleadservices.com failed. @ https://www.googleadservices.com/pagead/managed/js/activeview/current/reach_worklet.html:0
[  141349ms] [ERROR] Attestation check for Shared Storage on https://www.googleadservices.com failed. @ https://www.googleadservices.com/pagead/managed/js/activeview/current/reach_worklet.html:0
[    5646ms] [ERROR] Attestation check for Shared Storage on https://www.googleadservices.com failed. @ https://www.googleadservices.com/pagead/managed/js/activeview/current/reach_worklet.html:0
[    5672ms] [ERROR] Attestation check for Shared Storage on https://www.googleadservices.com failed. @ https://www.googleadservices.com/pagead/managed/js/activeview/current/reach_worklet.html:0
[    5695ms] [ERROR] Attestation check for Shared Storage on https://www.googleadservices.com failed. @ https://www.googleadservices.com/pagead/managed/js/activeview/current/reach_worklet.html:0
[    5698ms] [ERROR] Attestation check for Shared Storage on https://www.googleadservices.com failed. @ https://www.googleadservices.com/pagead/managed/js/activeview/current/reach_worklet.html:0
[    5700ms] [ERROR] Attestation check for Shared Storage on https://www.googleadservices.com failed. @ https://www.googleadservices.com/pagead/managed/js/activeview/current/reach_worklet.html:0
[    5701ms] [ERROR] Attestation check for Shared Storage on https://www.googleadservices.com failed. @ https://www.googleadservices.com/pagead/managed/js/activeview/current/reach_worklet.html:0
[    5725ms] [ERROR] Attestation check for Shared Storage on https://www.googleadservices.com failed. @ https://www.googleadservices.com/pagead/managed/js/activeview/current/reach_worklet.html:0
[   33232ms] [ERROR] Attestation check for Shared Storage on https://www.googleadservices.com failed. @ https://www.googleadservices.com/pagead/managed/js/activeview/current/reach_worklet.html:0
[   35774ms] [ERROR] Attestation check for Shared Storage on https://www.googleadservices.com failed. @ https://www.googleadservices.com/pagead/managed/js/activeview/current/reach_worklet.html:0
[   59924ms] [ERROR] Attestation check for Shared Storage on https://www.googleadservices.com failed. @ https://www.googleadservices.com/pagead/managed/js/activeview/current/reach_worklet.html:0
[   60434ms] [ERROR] Attestation check for Shared Storage on https://www.googleadservices.com failed. @ https://www.googleadservices.com/pagead/managed/js/activeview/current/reach_worklet.html:0
[   87202ms] [ERROR] Attestation check for Shared Storage on https://www.googleadservices.com failed. @ https://www.googleadservices.com/pagead/managed/js/activeview/current/reach_worklet.html:0
[   87229ms] [ERROR] Attestation check for Shared Storage on https://www.googleadservices.com failed. @ https://www.googleadservices.com/pagead/managed/js/activeview/current/reach_worklet.html:0
[  113795ms] [ERROR] Attestation check for Shared Storage on https://www.googleadservices.com failed. @ https://www.googleadservices.com/pagead/managed/js/activeview/current/reach_worklet.html:0
[  114062ms] [ERROR] Attestation check for Shared Storage on https://www.googleadservices.com failed. @ https://www.googleadservices.com/pagead/managed/js/activeview/current/reach_worklet.html:0
[  141349ms] [ERROR] Attestation check for Shared Storage on https://www.googleadservices.com failed. @ https://www.googleadservices.com/pagead/managed/js/activeview/current/reach_worklet.html:0
[  141381ms] [ERROR] Attestation check for Shared Storage on https://www.googleadservices.com failed. @ https://www.googleadservices.com/pagead/managed/js/activeview/current/reach_worklet.html:0
